Testing context manager
This file will auto-close